// Jest Snapshot v1, https://goo.gl/fbAQLP

exports[`HomePage systeminfo's snapshot renders correctly 1`] = `
<RNCSafeAreaProvider
  onInsetsChange={[Function]}
  style={
    Array [
      Object {
        "flex": 1,
      },
      undefined,
    ]
  }
>
  <RCTScrollView
    style={
      Array [
        Object {
          "borderColor": "#000",
          "borderRadius": 20,
          "borderWidth": 1,
          "margin": 10,
          "paddingLeft": 10,
          "paddingRight": 10,
        },
        undefined,
      ]
    }
  >
    <View>
      <Text
        style={
          Array [
            Object {
              "fontSize": 24,
            },
            Object {
              "fontSize": 50,
            },
            Object {
              "fontSize": 20,
              "textAlign": "center",
              "width": "100%",
            },
          ]
        }
      >
        系統公告
      </Text>
      <View
        style={
          Array [
            Object {
              "backgroundColor": "black",
              "height": 1,
              "margin": 3,
            },
            undefined,
          ]
        }
      />
      <View
        style={
          Object {
            "flex": 1,
            "flexDirection": "column",
            "justifyContent": "flex-start",
          }
        }
      >
        <View
          style={
            Object {
              "alignItems": "flex-start",
              "flex": 1,
              "flexDirection": "row",
            }
          }
        >
          <Text
            style={
              Array [
                undefined,
                undefined,
                Object {
                  "flex": 2,
                },
              ]
            }
          >
            7 月8 日2021 年
          </Text>
          <View
            style={
              Object {
                "alignSelf": "stretch",
                "backgroundColor": "#000",
                "display": "flex",
                "margin": 3,
                "width": 1,
              }
            }
          />
          <Text
            style={
              Array [
                undefined,
                undefined,
                Object {
                  "flex": 9,
                },
              ]
            }
          >
            werawerkwejrwalejrklwejrlwerjlwekfjelwjklfawefawjefklawjefklajflwafejwkl
          </Text>
        </View>
        <View
          style={
            Object {
              "alignItems": "flex-start",
              "flex": 1,
              "flexDirection": "row",
            }
          }
        >
          <Text
            style={
              Array [
                undefined,
                undefined,
                Object {
                  "flex": 2,
                },
              ]
            }
          >
            7 月9 日2021 年
          </Text>
          <View
            style={
              Object {
                "alignSelf": "stretch",
                "backgroundColor": "#000",
                "display": "flex",
                "margin": 3,
                "width": 1,
              }
            }
          />
          <Text
            style={
              Array [
                undefined,
                undefined,
                Object {
                  "flex": 9,
                },
              ]
            }
          >
            werawerkwejrwalejrklwejrlwerjlwekfjelwjklfawefawjefklawjefklajflwafejwkl
          </Text>
        </View>
        <View
          style={
            Object {
              "alignItems": "flex-start",
              "flex": 1,
              "flexDirection": "row",
            }
          }
        >
          <Text
            style={
              Array [
                undefined,
                undefined,
                Object {
                  "flex": 2,
                },
              ]
            }
          >
            7 月10 日2021 年
          </Text>
          <View
            style={
              Object {
                "alignSelf": "stretch",
                "backgroundColor": "#000",
                "display": "flex",
                "margin": 3,
                "width": 1,
              }
            }
          />
          <Text
            style={
              Array [
                undefined,
                undefined,
                Object {
                  "flex": 9,
                },
              ]
            }
          >
            werawerkwejrwalejrklwejrlwerjlwekfjelwjklfawefawjefklawjefklajflwafejwkl
          </Text>
        </View>
      </View>
    </View>
  </RCTScrollView>
</RNCSafeAreaProvider>
`;
